// Jest Snapshot v1, https://goo.gl/fbAQLP

exports[`Pages/AuthLandingPage Testing SNAPSHOT: AuthLandingPage 1`] = `
<div>
  <div
    className="centered"
  >
    <img
      alt="fin"
      height={318}
      src="https://d1g31diwtzkeb3.cloudfront.net/fin.png"
      width={546}
    />
  </div>
</div>
`;
