// Jest Snapshot v1, https://goo.gl/fbAQLP

exports[`Pages/Signup Testing SNAPSHOT: Signup 1`] = `
<WithStyles(ForwardRef(Container))
  component="main"
  maxWidth="xs"
>
  <WithStyles(CssBaseline) />
  <div
    className="makeStyles-paper-1"
  >
    <WithStyles(ForwardRef(Avatar))
      className="makeStyles-avatar-2"
    >
      <Memo([object Object]) />
    </WithStyles(ForwardRef(Avatar))>
    <WithStyles(ForwardRef(Typography))
      component="h1"
      variant="h5"
    >
      Sign up
    </WithStyles(ForwardRef(Typography))>
    <form
      className="makeStyles-form-3"
      noValidate={true}
    >
      <WithStyles(ForwardRef(Grid))
        container={true}
        spacing={2}
      >
        <WithStyles(ForwardRef(Grid))
          item={true}
          sm={6}
          xs={12}
        >
          <WithStyles(ForwardRef(TextField))
            autoComplete="fname"
            autoFocus={true}
            fullWidth={true}
            id="firstName"
            label="First Name"
            name="firstName"
            required={true}
            variant="outlined"
          />
        </WithStyles(ForwardRef(Grid))>
        <WithStyles(ForwardRef(Grid))
          item={true}
          sm={6}
          xs={12}
        >
          <WithStyles(ForwardRef(TextField))
            autoComplete="lname"
            fullWidth={true}
            id="lastName"
            label="Last Name"
            name="lastName"
            required={true}
            variant="outlined"
          />
        </WithStyles(ForwardRef(Grid))>
        <WithStyles(ForwardRef(Grid))
          item={true}
          xs={12}
        >
          <WithStyles(ForwardRef(TextField))
            autoComplete="email"
            fullWidth={true}
            id="email"
            label="Email Address"
            name="email"
            required={true}
            variant="outlined"
          />
        </WithStyles(ForwardRef(Grid))>
        <WithStyles(ForwardRef(Grid))
          item={true}
          xs={12}
        >
          <WithStyles(ForwardRef(TextField))
            autoComplete="current-password"
            fullWidth={true}
            id="password"
            label="Password"
            name="password"
            required={true}
            type="password"
            variant="outlined"
          />
        </WithStyles(ForwardRef(Grid))>
        <WithStyles(ForwardRef(Grid))
          item={true}
          xs={12}
        >
          <WithStyles(ForwardRef(FormControlLabel))
            control={
              <WithStyles(ForwardRef(Checkbox))
                color="primary"
                value="allowExtraEmails"
              />
            }
            label="I want to receive inspiration, marketing promotions and updates via email."
          />
        </WithStyles(ForwardRef(Grid))>
      </WithStyles(ForwardRef(Grid))>
      <WithStyles(ForwardRef(Button))
        className="makeStyles-submit-4"
        color="primary"
        fullWidth={true}
        type="submit"
        variant="contained"
      >
        Sign Up
      </WithStyles(ForwardRef(Button))>
      <WithStyles(ForwardRef(Grid))
        container={true}
        justify="flex-end"
      >
        <WithStyles(ForwardRef(Grid))
          item={true}
        >
          <WithStyles(ForwardRef(Link))
            component={
              Object {
                "$$typeof": Symbol(react.forward_ref),
                "propTypes": Object {
                  "innerRef": [Function],
                  "onClick": [Function],
                  "replace": [Function],
                  "target": [Function],
                  "to": [Function],
                },
                "render": [Function],
              }
            }
            to="/login"
            variant="body2"
          >
            Already have an account? Sign in
          </WithStyles(ForwardRef(Link))>
        </WithStyles(ForwardRef(Grid))>
      </WithStyles(ForwardRef(Grid))>
    </form>
  </div>
  <Styled(MuiBox)
    mt={5}
  >
    <Copyright />
  </Styled(MuiBox)>
</WithStyles(ForwardRef(Container))>
`;
