// Jest Snapshot v1, https://goo.gl/fbAQLP

exports[`Pages/Testing SNAPSHOT: Testing 1`] = `
<div>
  <h2>
    Random Selected: 
    6
     
  </h2>
  <div>
    <span>
      <img
        alt="local_cafe-24px.svg"
        key="d136b634-65ba-4407-8d71-fbd13477f806"
        src="local_cafe-24px.svg"
      />
       
    </span>
    <span>
      <img
        alt="emoji_objects-24px.svg"
        key="d05279e0-b9df-43e4-9dc8-d58b7b04bb4b"
        src="emoji_objects-24px.svg"
      />
       
    </span>
    <span>
      <img
        alt="miscellaneous_services-24px.svg"
        key="8be93e6b-3ce8-4b58-9322-39dc187b20b8"
        src="miscellaneous_services-24px.svg"
      />
       
    </span>
    <span>
      <img
        alt="timer-24px.svg"
        key="434501c6-ba72-4b31-b691-87fe40b58bcb"
        src="timer-24px.svg"
      />
       
    </span>
    <span>
      <img
        alt="bedtime-24px.svg"
        key="26887109-97d2-409d-b908-b39d04e85237"
        src="bedtime-24px.svg"
      />
       
    </span>
    <span>
      <img
        alt="security-24px.svg"
        key="9df8de16-0fba-4299-84df-c73a2b3c8061"
        src="security-24px.svg"
      />
       
    </span>
  </div>
  <h1>
    Testing DS -- Total Items: 
    48
     
  </h1>
  <div>
    <li
      key="21c2d449-af26-401c-a873-b5c4b7a126a8"
    >
       
      <img
        alt="alt_route-24px.svg"
        key="a7e4ffd5-7cd8-4317-9099-3e67c63587b1"
        src="alt_route-24px.svg"
      />
       Name: 
      alt_route-24px.svg
    </li>
  </div>
  <div>
    <li
      key="a6df0b09-bb9a-4fe5-9569-654a169a44fc"
    >
       
      <img
        alt="brush-24px.svg"
        key="2766ba0d-3bf8-4272-b648-8410972fb687"
        src="brush-24px.svg"
      />
       Name: 
      brush-24px.svg
    </li>
  </div>
  <div>
    <li
      key="8da24ee1-7d2d-43fa-a1ec-f5101ab03d5e"
    >
       
      <img
        alt="directions_run-24px.svg"
        key="c3047687-ff64-4d55-b680-879599088855"
        src="directions_run-24px.svg"
      />
       Name: 
      directions_run-24px.svg
    </li>
  </div>
  <div>
    <li
      key="b93a1357-e750-4da0-99f9-cfc4496cf32f"
    >
       
      <img
        alt="directions_walk-24px.svg"
        key="3b3b1202-6427-4b89-898a-79b0d9ec4dd3"
        src="directions_walk-24px.svg"
      />
       Name: 
      directions_walk-24px.svg
    </li>
  </div>
  <div>
    <li
      key="192b34ce-f9f6-4ee2-ab17-6d865e4dca5e"
    >
       
      <img
        alt="edit-black-18dp.svg"
        key="c9c0e14d-ad08-4c4a-9430-de38904bcb78"
        src="edit-black-18dp.svg"
      />
       Name: 
      edit-black-18dp.svg
    </li>
  </div>
  <div>
    <li
      key="7fa7b8b7-1833-44c3-9b33-d92d78df4ea2"
    >
       
      <img
        alt="emoji_objects-24px.svg"
        key="41b44e3e-8dc9-4b9f-95bb-0a506004223f"
        src="emoji_objects-24px.svg"
      />
       Name: 
      emoji_objects-24px.svg
    </li>
  </div>
  <div>
    <li
      key="00651186-a337-447f-a5d7-af8e788f23d7"
    >
       
      <img
        alt="grass-24px.svg"
        key="fd8af0c5-ee8b-47b7-97f3-3849ab2b7bdc"
        src="grass-24px.svg"
      />
       Name: 
      grass-24px.svg
    </li>
  </div>
  <div>
    <li
      key="4053f94d-95d7-4961-9a85-8fb2bc818053"
    >
       
      <img
        alt="headset-24px.svg"
        key="a1efa965-a3fb-46df-9838-e9b96cd38cd7"
        src="headset-24px.svg"
      />
       Name: 
      headset-24px.svg
    </li>
  </div>
  <div>
    <li
      key="b06152f9-76e9-40b0-8a3d-3f7d0bb0c617"
    >
       
      <img
        alt="highlight-24px.svg"
        key="19903dae-5893-4933-9d4c-f205d8d04b87"
        src="highlight-24px.svg"
      />
       Name: 
      highlight-24px.svg
    </li>
  </div>
  <div>
    <li
      key="ce6530ed-1897-4d7f-84e1-dfeaa9b590d6"
    >
       
      <img
        alt="music_note-24px.svg"
        key="84477c4b-c428-4dbc-86e2-695849017840"
        src="music_note-24px.svg"
      />
       Name: 
      music_note-24px.svg
    </li>
  </div>
  <div>
    <li
      key="69fb9813-8b3f-4542-b291-2647bed68140"
    >
       
      <img
        alt="remove_red_eye-24px.svg"
        key="7983d9a5-6b2e-4e93-b0cd-9557b9f88ec9"
        src="remove_red_eye-24px.svg"
      />
       Name: 
      remove_red_eye-24px.svg
    </li>
  </div>
  <div>
    <li
      key="7e7e7d4a-06a9-4ec9-a4a8-63a1d21621b4"
    >
       
      <img
        alt="security-24px.svg"
        key="ad8006e1-5e6a-4995-9599-9de19354344f"
        src="security-24px.svg"
      />
       Name: 
      security-24px.svg
    </li>
  </div>
  <div>
    <li
      key="c988a711-63f2-41f1-a66d-e352ba659fd4"
    >
       
      <img
        alt="straighten-24px.svg"
        key="e03017e6-9f3c-4e3c-be58-d56b39a57446"
        src="straighten-24px.svg"
      />
       Name: 
      straighten-24px.svg
    </li>
  </div>
  <div>
    <li
      key="2a4a62cd-ae5e-44f9-98b6-74d3c7de3366"
    >
       
      <img
        alt="sync-24px.svg"
        key="eade36ed-7218-4b8b-a237-b8590b9b741e"
        src="sync-24px.svg"
      />
       Name: 
      sync-24px.svg
    </li>
  </div>
  <div>
    <li
      key="c2bd2a68-8f32-4cb6-a1ab-2316dcc0105d"
    >
       
      <img
        alt="toys-24px.svg"
        key="f4ddc3c5-ffa2-40bb-98e4-d854fc1fe5c7"
        src="toys-24px.svg"
      />
       Name: 
      toys-24px.svg
    </li>
  </div>
  <div>
    <li
      key="e1875092-f8aa-449d-a8a1-e7f09e965b33"
    >
       
      <img
        alt="watch-24px.svg"
        key="d085b6a2-e04d-475a-9d23-bff5c6e7c70b"
        src="watch-24px.svg"
      />
       Name: 
      watch-24px.svg
    </li>
  </div>
  <div>
    <li
      key="352da299-ffda-4630-aa4d-ba44eb98ea1c"
    >
       
      <img
        alt="agriculture-24px.svg"
        key="8f14e129-53c2-4961-ac2b-0476a8057796"
        src="agriculture-24px.svg"
      />
       Name: 
      agriculture-24px.svg
    </li>
  </div>
  <div>
    <li
      key="d9c9de91-5282-495a-b8dc-71d8fdd5eac1"
    >
       
      <img
        alt="apartment-24px.svg"
        key="75e79cb8-0970-48a6-82d1-ed78b98daf97"
        src="apartment-24px.svg"
      />
       Name: 
      apartment-24px.svg
    </li>
  </div>
  <div>
    <li
      key="4eab420b-3fe9-4171-9094-c15c7a23f4cd"
    >
       
      <img
        alt="beach_access-24px.svg"
        key="14a423c0-90f1-4c6d-bba7-a23254da4afc"
        src="beach_access-24px.svg"
      />
       Name: 
      beach_access-24px.svg
    </li>
  </div>
  <div>
    <li
      key="a49f960d-94bc-4e1b-b31d-1452a62d7ef3"
    >
       
      <img
        alt="directions_bike-24px.svg"
        key="c75df754-26d3-409a-89f9-7924e202935d"
        src="directions_bike-24px.svg"
      />
       Name: 
      directions_bike-24px.svg
    </li>
  </div>
  <div>
    <li
      key="1aadd3c3-8a8a-4ed3-b319-5f18ab8bf350"
    >
       
      <img
        alt="directions_boat-24px.svg"
        key="0606b472-9f4c-46e4-9ee8-48ae0bb59ef4"
        src="directions_boat-24px.svg"
      />
       Name: 
      directions_boat-24px.svg
    </li>
  </div>
  <div>
    <li
      key="c96d2485-b9df-4839-a878-2ec591dd487a"
    >
       
      <img
        alt="directions_car-24px.svg"
        key="f8696b2e-63ad-4494-a9cb-7d09959fd158"
        src="directions_car-24px.svg"
      />
       Name: 
      directions_car-24px.svg
    </li>
  </div>
  <div>
    <li
      key="b8ec23ba-5b65-4765-ba3a-45073a014d2d"
    >
       
      <img
        alt="flight-24px.svg"
        key="8649b44b-936e-4ae1-a8df-65d8e6b87bce"
        src="flight-24px.svg"
      />
       Name: 
      flight-24px.svg
    </li>
  </div>
  <div>
    <li
      key="fcb39bd1-ecf6-42a9-93b3-03f96f572593"
    >
       
      <img
        alt="home-24px.svg"
        key="c0db1198-8ff5-4ba4-9a51-a9306a595505"
        src="home-24px.svg"
      />
       Name: 
      home-24px.svg
    </li>
  </div>
  <div>
    <li
      key="a66c8868-ed9d-4059-a706-eb4a0ae72a2c"
    >
       
      <img
        alt="hotel-24px.svg"
        key="81788654-9b3e-486c-adcb-4eceddc9a2b4"
        src="hotel-24px.svg"
      />
       Name: 
      hotel-24px.svg
    </li>
  </div>
  <div>
    <li
      key="eabc0dfc-f329-486b-8d12-be3282393d9c"
    >
       
      <img
        alt="insert_photo-24px.svg"
        key="60d6ba04-26e0-4823-a8c2-c84552421498"
        src="insert_photo-24px.svg"
      />
       Name: 
      insert_photo-24px.svg
    </li>
  </div>
  <div>
    <li
      key="6c4e9f6e-f321-4985-85ff-e9cc086ddb25"
    >
       
      <img
        alt="local_cafe-24px.svg"
        key="17d25519-5b0a-42e2-9d6c-32ef13790e40"
        src="local_cafe-24px.svg"
      />
       Name: 
      local_cafe-24px.svg
    </li>
  </div>
  <div>
    <li
      key="ce160b5e-40b2-4a21-8610-f0762d276690"
    >
       
      <img
        alt="local_florist-24px.svg"
        key="3aa30550-6553-4071-89fb-2bdcea0e3bea"
        src="local_florist-24px.svg"
      />
       Name: 
      local_florist-24px.svg
    </li>
  </div>
  <div>
    <li
      key="5ee0a2c7-4ef1-4631-ac8a-3c6887c81e7c"
    >
       
      <img
        alt="local_shipping-24px.svg"
        key="08c992a1-fd5a-4200-99ca-65472e42d66d"
        src="local_shipping-24px.svg"
      />
       Name: 
      local_shipping-24px.svg
    </li>
  </div>
  <div>
    <li
      key="70b954d8-2676-4801-88e3-d12ca6e8a16a"
    >
       
      <img
        alt="luggage-24px.svg"
        key="d7a0e0e6-5e9a-498b-8ca7-cea5979359c3"
        src="luggage-24px.svg"
      />
       Name: 
      luggage-24px.svg
    </li>
  </div>
  <div>
    <li
      key="f9dafd0f-afc9-47c8-8347-0b0f31bad728"
    >
       
      <img
        alt="nature_people-24px.svg"
        key="101d1a27-a015-46a6-9d6c-ebb8a0dd9ce0"
        src="nature_people-24px.svg"
      />
       Name: 
      nature_people-24px.svg
    </li>
  </div>
  <div>
    <li
      key="dc0135c0-2bb2-4197-af9f-dc9df9d7933e"
    >
       
      <img
        alt="pool-24px.svg"
        key="699d5f3d-d208-4709-9ade-1f4830efaeeb"
        src="pool-24px.svg"
      />
       Name: 
      pool-24px.svg
    </li>
  </div>
  <div>
    <li
      key="87df0574-0ada-4c25-a476-96b27e640150"
    >
       
      <img
        alt="ac_unit-24px.svg"
        key="b7d57201-107b-4672-87f3-ac91a87f4c3a"
        src="ac_unit-24px.svg"
      />
       Name: 
      ac_unit-24px.svg
    </li>
  </div>
  <div>
    <li
      key="dc0720c4-6847-4575-862d-dea32b5019e7"
    >
       
      <img
        alt="bar_chart-24px.svg"
        key="6fda7ae9-f460-4b7f-9540-fb644698fbe7"
        src="bar_chart-24px.svg"
      />
       Name: 
      bar_chart-24px.svg
    </li>
  </div>
  <div>
    <li
      key="685c290e-62b6-4641-a61a-22723e30bfe1"
    >
       
      <img
        alt="bedtime-24px.svg"
        key="0a89c6af-dedd-4f10-afbc-5a149981457f"
        src="bedtime-24px.svg"
      />
       Name: 
      bedtime-24px.svg
    </li>
  </div>
  <div>
    <li
      key="9984e6b6-1efb-417e-8032-333eeca99c94"
    >
       
      <img
        alt="brightness_low-24px.svg"
        key="516588c4-a7e5-4c4e-a895-21c74659f92e"
        src="brightness_low-24px.svg"
      />
       Name: 
      brightness_low-24px.svg
    </li>
  </div>
  <div>
    <li
      key="2cac29d6-eb4b-4298-a91a-4c99250da0a0"
    >
       
      <img
        alt="bubble_chart-24px.svg"
        key="9ce9f920-dfe7-4122-a9d6-887638521877"
        src="bubble_chart-24px.svg"
      />
       Name: 
      bubble_chart-24px.svg
    </li>
  </div>
  <div>
    <li
      key="ab856455-642b-4f35-ad27-3a5568d70fa6"
    >
       
      <img
        alt="cake-24px.svg"
        key="8644d8c6-2ad1-46be-8cff-45c133e3fa34"
        src="cake-24px.svg"
      />
       Name: 
      cake-24px.svg
    </li>
  </div>
  <div>
    <li
      key="931b2f6c-ae19-46b8-86bf-1c35a556aac7"
    >
       
      <img
        alt="cloud_queue-24px.svg"
        key="ee250212-9800-457d-a5c7-e5d0ef385e43"
        src="cloud_queue-24px.svg"
      />
       Name: 
      cloud_queue-24px.svg
    </li>
  </div>
  <div>
    <li
      key="71f79524-5695-43f4-b57c-b2deb18f2305"
    >
       
      <img
        alt="groups-24px.svg"
        key="a7dcb190-2547-48a5-a6b3-d5e8941e89b6"
        src="groups-24px.svg"
      />
       Name: 
      groups-24px.svg
    </li>
  </div>
  <div>
    <li
      key="ddbdbb15-d47c-4294-80e1-b4f183543166"
    >
       
      <img
        alt="healing-24px.svg"
        key="34208bac-c976-4431-801a-b569514ee62e"
        src="healing-24px.svg"
      />
       Name: 
      healing-24px.svg
    </li>
  </div>
  <div>
    <li
      key="3a0f5e7f-6ff8-478e-b809-1a0e4a8f1827"
    >
       
      <img
        alt="insert_emoticon-24px.svg"
        key="9823ed26-8b10-4bda-8d9d-e82e5b963284"
        src="insert_emoticon-24px.svg"
      />
       Name: 
      insert_emoticon-24px.svg
    </li>
  </div>
  <div>
    <li
      key="691b9fcc-a9bd-4c7e-9683-c7cf65e14c9e"
    >
       
      <img
        alt="miscellaneous_services-24px.svg"
        key="1b95e4f3-40a6-48a1-9167-d73fa150aaa3"
        src="miscellaneous_services-24px.svg"
      />
       Name: 
      miscellaneous_services-24px.svg
    </li>
  </div>
  <div>
    <li
      key="b2a7a37b-3b92-4b72-a0a2-323b1af917c2"
    >
       
      <img
        alt="mood_bad-24px.svg"
        key="f2d17d45-92ea-4f59-849d-6cb406939fcb"
        src="mood_bad-24px.svg"
      />
       Name: 
      mood_bad-24px.svg
    </li>
  </div>
  <div>
    <li
      key="ff41b7b3-3f1e-4dfc-a069-8dce278bbf5e"
    >
       
      <img
        alt="network_check-24px.svg"
        key="bb066d99-472e-45b5-bd47-202e52886038"
        src="network_check-24px.svg"
      />
       Name: 
      network_check-24px.svg
    </li>
  </div>
  <div>
    <li
      key="886cc25a-7bd0-48b5-bad3-32e3d6b8b79a"
    >
       
      <img
        alt="self_improvement-24px.svg"
        key="beaaefb0-4723-4f05-9e93-38d5d3710a8e"
        src="self_improvement-24px.svg"
      />
       Name: 
      self_improvement-24px.svg
    </li>
  </div>
  <div>
    <li
      key="c515d385-9d0d-4f1f-95f5-9968ebb1b37b"
    >
       
      <img
        alt="star_border-24px.svg"
        key="3629e257-1761-4ca3-8acd-3b331247c4e8"
        src="star_border-24px.svg"
      />
       Name: 
      star_border-24px.svg
    </li>
  </div>
  <div>
    <li
      key="e2edfda3-ae40-4524-a2cf-81b785f21409"
    >
       
      <img
        alt="timer-24px.svg"
        key="9211ef7b-1472-4b3c-a307-bf02d5b29722"
        src="timer-24px.svg"
      />
       Name: 
      timer-24px.svg
    </li>
  </div>
</div>
`;
