// Jest Snapshot v1, https://goo.gl/fbAQLP

exports[`Pages/Testing SNAPSHOT: Testing 1`] = `
<div>
  <h2>
    Random Selected: 
    6
     
  </h2>
  <div>
    <span>
      <img
        alt="bar_chart-24px.svg"
        key="7c1f47bb-2b01-403d-a4bb-fc916b48217d"
        src="bar_chart-24px.svg"
      />
       
    </span>
    <span>
      <img
        alt="timer-24px.svg"
        key="4e2a0c8e-7c8a-4337-bbfd-9aec8ce637cf"
        src="timer-24px.svg"
      />
       
    </span>
    <span>
      <img
        alt="directions_bike-24px.svg"
        key="3d128d30-1c34-454e-a3a1-8a12b2111e52"
        src="directions_bike-24px.svg"
      />
       
    </span>
    <span>
      <img
        alt="apartment-24px.svg"
        key="d91b344e-1257-4f37-a170-7de87cded73b"
        src="apartment-24px.svg"
      />
       
    </span>
    <span>
      <img
        alt="cake-24px.svg"
        key="bff34d04-8005-4670-ac01-262696e8f8da"
        src="cake-24px.svg"
      />
       
    </span>
    <span>
      <img
        alt="groups-24px.svg"
        key="10b9e17e-f6f8-4f9c-bc53-1932fa7a136f"
        src="groups-24px.svg"
      />
       
    </span>
  </div>
  <h1>
    Testing DS -- Total Items: 
    48
     
  </h1>
  <div>
    <li
      key="8df665b2-0f0c-4599-adf4-30ecacdd257b"
    >
       
      <img
        alt="alt_route-24px.svg"
        key="708e73d5-56f6-4767-a464-eb750a950126"
        src="alt_route-24px.svg"
      />
       Name: 
      alt_route-24px.svg
    </li>
  </div>
  <div>
    <li
      key="1b64e432-499c-4da8-9bd8-b4616e8fc04b"
    >
       
      <img
        alt="brush-24px.svg"
        key="3079155f-0d7a-46e8-aa14-d21d8f36e7b0"
        src="brush-24px.svg"
      />
       Name: 
      brush-24px.svg
    </li>
  </div>
  <div>
    <li
      key="cdf0c4c1-13c8-4521-a5d0-5713c80f6094"
    >
       
      <img
        alt="directions_run-24px.svg"
        key="dc0772b9-7cde-417b-9136-609235dd8436"
        src="directions_run-24px.svg"
      />
       Name: 
      directions_run-24px.svg
    </li>
  </div>
  <div>
    <li
      key="770a0200-9d12-48fd-bcf4-4241a2c0c889"
    >
       
      <img
        alt="directions_walk-24px.svg"
        key="20723095-3d66-43c1-8c78-d0244435a0fe"
        src="directions_walk-24px.svg"
      />
       Name: 
      directions_walk-24px.svg
    </li>
  </div>
  <div>
    <li
      key="33f2a3ea-55f9-48eb-bc3e-de206bbb0dd2"
    >
       
      <img
        alt="edit-black-18dp.svg"
        key="36e19606-68e4-43ea-a566-6aed05a9736a"
        src="edit-black-18dp.svg"
      />
       Name: 
      edit-black-18dp.svg
    </li>
  </div>
  <div>
    <li
      key="8e4f0643-b90a-4679-8a37-aa1be23a9e7e"
    >
       
      <img
        alt="emoji_objects-24px.svg"
        key="aacfe8b1-0738-4eec-9a1f-b8f5ffadb416"
        src="emoji_objects-24px.svg"
      />
       Name: 
      emoji_objects-24px.svg
    </li>
  </div>
  <div>
    <li
      key="b292d8ac-51ea-4da0-861f-4829a44d5857"
    >
       
      <img
        alt="grass-24px.svg"
        key="00355ba6-07f2-4501-8b1f-dcd31b2110d0"
        src="grass-24px.svg"
      />
       Name: 
      grass-24px.svg
    </li>
  </div>
  <div>
    <li
      key="73815168-e111-422d-86f9-7571002aa9c3"
    >
       
      <img
        alt="headset-24px.svg"
        key="db8e5d23-99aa-4b98-86f5-ca7606046cd7"
        src="headset-24px.svg"
      />
       Name: 
      headset-24px.svg
    </li>
  </div>
  <div>
    <li
      key="56284051-2a2e-41c3-8787-d74c77246b10"
    >
       
      <img
        alt="highlight-24px.svg"
        key="b4d301e2-e306-4553-bcf6-32339b9009b7"
        src="highlight-24px.svg"
      />
       Name: 
      highlight-24px.svg
    </li>
  </div>
  <div>
    <li
      key="7b0a7505-71f7-410b-97a9-04bee3287852"
    >
       
      <img
        alt="music_note-24px.svg"
        key="735d21f8-7b34-47ab-9c8f-60a86f97425f"
        src="music_note-24px.svg"
      />
       Name: 
      music_note-24px.svg
    </li>
  </div>
  <div>
    <li
      key="f6825d6f-8f30-43af-ad42-866b9917f4dd"
    >
       
      <img
        alt="remove_red_eye-24px.svg"
        key="20c85a68-ff10-4c88-bbd1-861a6693c199"
        src="remove_red_eye-24px.svg"
      />
       Name: 
      remove_red_eye-24px.svg
    </li>
  </div>
  <div>
    <li
      key="be04c94c-c764-49f8-9d2a-ea4029155b1b"
    >
       
      <img
        alt="security-24px.svg"
        key="d699bde7-11a2-4f61-a97b-35f03d9b0327"
        src="security-24px.svg"
      />
       Name: 
      security-24px.svg
    </li>
  </div>
  <div>
    <li
      key="4210fcb2-9d13-4183-88e1-bc01e3fa84e1"
    >
       
      <img
        alt="straighten-24px.svg"
        key="b88e5003-5a07-486d-9831-a8dfacc04a59"
        src="straighten-24px.svg"
      />
       Name: 
      straighten-24px.svg
    </li>
  </div>
  <div>
    <li
      key="b088e9f2-6f05-499f-9e31-4d3cbb6b7dc7"
    >
       
      <img
        alt="sync-24px.svg"
        key="44d7adb8-a731-4f4e-a1bb-ef814848152b"
        src="sync-24px.svg"
      />
       Name: 
      sync-24px.svg
    </li>
  </div>
  <div>
    <li
      key="99ec4fc7-26a4-41cc-81b8-1937e63918df"
    >
       
      <img
        alt="toys-24px.svg"
        key="62a026ec-4ad0-4ac1-a472-67f16d02c20b"
        src="toys-24px.svg"
      />
       Name: 
      toys-24px.svg
    </li>
  </div>
  <div>
    <li
      key="47da1efd-5c7c-4e05-9db9-25328ba984d8"
    >
       
      <img
        alt="watch-24px.svg"
        key="8dbc9b8e-2be3-45c7-a728-3ce8c7dfebbe"
        src="watch-24px.svg"
      />
       Name: 
      watch-24px.svg
    </li>
  </div>
  <div>
    <li
      key="1acf9ca7-6bd6-4c66-84b5-69db6c50cfa6"
    >
       
      <img
        alt="agriculture-24px.svg"
        key="06825743-002f-4e56-bc79-d52ad85d42b6"
        src="agriculture-24px.svg"
      />
       Name: 
      agriculture-24px.svg
    </li>
  </div>
  <div>
    <li
      key="e7cfb31f-b2ec-469e-8c75-6a7403cd5895"
    >
       
      <img
        alt="apartment-24px.svg"
        key="850396a2-932b-466c-8797-06a76bfc6c7d"
        src="apartment-24px.svg"
      />
       Name: 
      apartment-24px.svg
    </li>
  </div>
  <div>
    <li
      key="23ca8a21-a9ba-43eb-ac27-d6b35f16a14a"
    >
       
      <img
        alt="beach_access-24px.svg"
        key="21d2488a-eec7-42f7-af25-02266aae2a90"
        src="beach_access-24px.svg"
      />
       Name: 
      beach_access-24px.svg
    </li>
  </div>
  <div>
    <li
      key="909901b6-9b92-42b2-8b48-aea7eeffd57b"
    >
       
      <img
        alt="directions_bike-24px.svg"
        key="9f640688-338e-430d-ba28-e8066fd904d3"
        src="directions_bike-24px.svg"
      />
       Name: 
      directions_bike-24px.svg
    </li>
  </div>
  <div>
    <li
      key="bcd6beca-40a5-45d2-97fe-14b793cb0a31"
    >
       
      <img
        alt="directions_boat-24px.svg"
        key="5f219fe2-0439-41c7-b8b3-5b6b5b1c844a"
        src="directions_boat-24px.svg"
      />
       Name: 
      directions_boat-24px.svg
    </li>
  </div>
  <div>
    <li
      key="a27db17a-0c40-4080-9448-1184dde90f70"
    >
       
      <img
        alt="directions_car-24px.svg"
        key="2c3ce135-39b3-4bd8-881b-9fa94c6271b3"
        src="directions_car-24px.svg"
      />
       Name: 
      directions_car-24px.svg
    </li>
  </div>
  <div>
    <li
      key="29e258fb-bca7-42ad-9333-4d7083a63d79"
    >
       
      <img
        alt="flight-24px.svg"
        key="b7684e48-8dd8-4d32-b99d-39a31d662a99"
        src="flight-24px.svg"
      />
       Name: 
      flight-24px.svg
    </li>
  </div>
  <div>
    <li
      key="9ea0b5eb-e207-4c95-b294-9fe276007518"
    >
       
      <img
        alt="home-24px.svg"
        key="e820415b-2592-41b6-8d45-c13aab3b14fc"
        src="home-24px.svg"
      />
       Name: 
      home-24px.svg
    </li>
  </div>
  <div>
    <li
      key="9aa47f4c-0666-45f9-9d1a-3e6e5a39881a"
    >
       
      <img
        alt="hotel-24px.svg"
        key="2fbb02b0-b536-4e7d-ad3b-a869dd9466ff"
        src="hotel-24px.svg"
      />
       Name: 
      hotel-24px.svg
    </li>
  </div>
  <div>
    <li
      key="f7a5d341-e9e5-4238-9246-8544f8039a4f"
    >
       
      <img
        alt="insert_photo-24px.svg"
        key="d31a0065-5b43-49bf-aa75-b8df4e550373"
        src="insert_photo-24px.svg"
      />
       Name: 
      insert_photo-24px.svg
    </li>
  </div>
  <div>
    <li
      key="2ddb807c-bdcc-4b7b-82e2-b67de651be5c"
    >
       
      <img
        alt="local_cafe-24px.svg"
        key="f61b0096-0b25-4bab-b660-83a7848406a5"
        src="local_cafe-24px.svg"
      />
       Name: 
      local_cafe-24px.svg
    </li>
  </div>
  <div>
    <li
      key="83d61bb6-b782-407c-bc1a-83abbe325f5e"
    >
       
      <img
        alt="local_florist-24px.svg"
        key="fdcfd597-34df-4306-ad9d-d56b1c8a2033"
        src="local_florist-24px.svg"
      />
       Name: 
      local_florist-24px.svg
    </li>
  </div>
  <div>
    <li
      key="5b982a79-9fde-495d-8e8d-9c4774303b61"
    >
       
      <img
        alt="local_shipping-24px.svg"
        key="f698f2c8-c305-4923-be37-05f9901bde45"
        src="local_shipping-24px.svg"
      />
       Name: 
      local_shipping-24px.svg
    </li>
  </div>
  <div>
    <li
      key="8d8a04b4-e791-4b86-9ef6-2b01861d6cc5"
    >
       
      <img
        alt="luggage-24px.svg"
        key="d5cd7158-0d43-41b3-b1fa-8ed53f0200e7"
        src="luggage-24px.svg"
      />
       Name: 
      luggage-24px.svg
    </li>
  </div>
  <div>
    <li
      key="4eca4fdc-e2c2-4c1a-8473-a3071c89e1c2"
    >
       
      <img
        alt="nature_people-24px.svg"
        key="07f3f4bd-7aff-47f1-bd25-367a731e0fb4"
        src="nature_people-24px.svg"
      />
       Name: 
      nature_people-24px.svg
    </li>
  </div>
  <div>
    <li
      key="3a4dfaa1-ba2a-4870-bd08-0ae7c4317568"
    >
       
      <img
        alt="pool-24px.svg"
        key="04b7e051-1ae5-4b7c-8564-33cb22973d9b"
        src="pool-24px.svg"
      />
       Name: 
      pool-24px.svg
    </li>
  </div>
  <div>
    <li
      key="29793ad3-6b6f-4b56-8eac-8f33c41a0efb"
    >
       
      <img
        alt="ac_unit-24px.svg"
        key="0261d7b5-55a1-4291-9d55-0d20c2293a66"
        src="ac_unit-24px.svg"
      />
       Name: 
      ac_unit-24px.svg
    </li>
  </div>
  <div>
    <li
      key="107911f2-01bd-496d-8c59-215564b8874c"
    >
       
      <img
        alt="bar_chart-24px.svg"
        key="d3033c93-e5a1-487e-b456-ddcc30be75bd"
        src="bar_chart-24px.svg"
      />
       Name: 
      bar_chart-24px.svg
    </li>
  </div>
  <div>
    <li
      key="8ac7fb55-bb65-4923-b717-6be8fc15bc90"
    >
       
      <img
        alt="bedtime-24px.svg"
        key="e1dd99b9-a0ac-4aaa-8636-65f61651e238"
        src="bedtime-24px.svg"
      />
       Name: 
      bedtime-24px.svg
    </li>
  </div>
  <div>
    <li
      key="11e397d2-95b8-4c57-a196-816a85452bc9"
    >
       
      <img
        alt="brightness_low-24px.svg"
        key="4f926838-ae6b-493e-b50b-0093ac3f4a53"
        src="brightness_low-24px.svg"
      />
       Name: 
      brightness_low-24px.svg
    </li>
  </div>
  <div>
    <li
      key="e7634f9a-e67d-4da9-8e9b-0b21422ef6cc"
    >
       
      <img
        alt="bubble_chart-24px.svg"
        key="1b15dfa1-556e-4b30-a048-a865e8865eac"
        src="bubble_chart-24px.svg"
      />
       Name: 
      bubble_chart-24px.svg
    </li>
  </div>
  <div>
    <li
      key="52fc1646-5ede-42a0-8e6e-a069ff5bd43c"
    >
       
      <img
        alt="cake-24px.svg"
        key="2f97ff57-3cc7-46cc-ad37-8bfc332457b3"
        src="cake-24px.svg"
      />
       Name: 
      cake-24px.svg
    </li>
  </div>
  <div>
    <li
      key="beaf202d-4c2f-44c1-9bd7-c017cf15c91a"
    >
       
      <img
        alt="cloud_queue-24px.svg"
        key="a6b820eb-2738-45e9-a5dc-46b240cfc3f1"
        src="cloud_queue-24px.svg"
      />
       Name: 
      cloud_queue-24px.svg
    </li>
  </div>
  <div>
    <li
      key="dcd3e0cb-d8f9-480a-96fb-6cdb1c0f955e"
    >
       
      <img
        alt="groups-24px.svg"
        key="d3a1b73e-afc4-413a-bfe3-3a7c02a35781"
        src="groups-24px.svg"
      />
       Name: 
      groups-24px.svg
    </li>
  </div>
  <div>
    <li
      key="2ad6f6df-7370-40f3-b3b2-de43b14cd689"
    >
       
      <img
        alt="healing-24px.svg"
        key="a52e2e9f-5b7a-45b4-b876-9136b8f32e6c"
        src="healing-24px.svg"
      />
       Name: 
      healing-24px.svg
    </li>
  </div>
  <div>
    <li
      key="63af749f-3b52-4b65-999a-adc1d252cbc2"
    >
       
      <img
        alt="insert_emoticon-24px.svg"
        key="b0b304f5-9dd1-4500-a3ea-a073a2e29e32"
        src="insert_emoticon-24px.svg"
      />
       Name: 
      insert_emoticon-24px.svg
    </li>
  </div>
  <div>
    <li
      key="9b17048c-6acc-4af4-9e67-036e29f22ac8"
    >
       
      <img
        alt="miscellaneous_services-24px.svg"
        key="5c5c79d6-9bce-43fb-8ba4-3d245bd7e95a"
        src="miscellaneous_services-24px.svg"
      />
       Name: 
      miscellaneous_services-24px.svg
    </li>
  </div>
  <div>
    <li
      key="a7774377-7c1c-408c-908e-936c5054ae21"
    >
       
      <img
        alt="mood_bad-24px.svg"
        key="2a709c03-1462-49b6-b60f-adfe60d5fabf"
        src="mood_bad-24px.svg"
      />
       Name: 
      mood_bad-24px.svg
    </li>
  </div>
  <div>
    <li
      key="d613963d-addc-4138-a814-b8ce7584c7dd"
    >
       
      <img
        alt="network_check-24px.svg"
        key="a88887f0-08f9-4a01-aa70-e39a19018d09"
        src="network_check-24px.svg"
      />
       Name: 
      network_check-24px.svg
    </li>
  </div>
  <div>
    <li
      key="0ebbdd2d-0c68-4e9d-b48e-f88a29e7f1e4"
    >
       
      <img
        alt="self_improvement-24px.svg"
        key="586a3034-b3db-4261-946c-a66bdab66076"
        src="self_improvement-24px.svg"
      />
       Name: 
      self_improvement-24px.svg
    </li>
  </div>
  <div>
    <li
      key="320ad558-3ad7-440e-9f8e-778489f9c556"
    >
       
      <img
        alt="star_border-24px.svg"
        key="9dd39f95-6d4f-486d-b98f-9688ab878e64"
        src="star_border-24px.svg"
      />
       Name: 
      star_border-24px.svg
    </li>
  </div>
  <div>
    <li
      key="476079a0-b0c2-496f-9029-d3d8114e79dd"
    >
       
      <img
        alt="timer-24px.svg"
        key="c881c176-bcd0-4816-a901-647e88d2d5cd"
        src="timer-24px.svg"
      />
       Name: 
      timer-24px.svg
    </li>
  </div>
</div>
`;
