// Jest Snapshot v1, https://goo.gl/fbAQLP

exports[`Components/Header Testing SNAPSHOT: Header 1`] = `
<Fragment>
  <WithStyles(ForwardRef(AppBar))
    className="makeStyles-toolbar-2"
  >
    <WithStyles(ForwardRef(Toolbar))
      className="makeStyles-root-1"
    >
      <Link
        to="/"
      >
        <img
          alt="logo"
          className="makeStyles-sfLogo-3"
          src="https://d1g31diwtzkeb3.cloudfront.net/statefarmLogo.svg"
        />
      </Link>
    </WithStyles(ForwardRef(Toolbar))>
  </WithStyles(ForwardRef(AppBar))>
  <WithStyles(ForwardRef(Toolbar)) />
</Fragment>
`;
